╭───────────────────────────────────────────────────────── NVIDIA P2P Override ─────────────────────────────────────────────────────────╮
│ Effective: no                                                                                                                         │
│ Configured file: no (/etc/modprobe.d/nvidia-p2p-override.conf)                                                                        │
│ Runtime: ForceP2P=; RMForceP2PType=; RMPcieP2PType=; GrdmaPciTopoCheckOverride=0; EnableResizableBar=0; DmaRemapPeerMmio=1            │
│ Suggested modprobe line:                                                                                                              │
│ options nvidia NVreg_RegistryDwords="ForceP2P=0x11;RMForceP2PType=1;RMPcieP2PType=2;GrdmaPciTopoCheckOverride=1;EnableResizableBar=1" │
│ Apply requires NVIDIA module reload or reboot after stopping GPU workloads.                                                           │
╰───────────────────────────────────────────────────────────────────────────────────────────────────────────────────────────────────────╯
╭───────────────────────────────────────────────────────────────────────────────────────────────────── Configuration ──────────────────────────────────────────────────────────────────────────────────────────────────────╮
│ Estonia Long-Context Chain Test                                                                                                                                                                                          │
│ Model: GLM-5.3-Flash-EXL3-3.5bpw-fp8 @ http://localhost                                                                                                                                                                  │
│ Prompt: profile:estonia                                                                                                                                                                                                  │
│ Concurrency: 30                                                                                                                                                                                                          │
│ Measured runs: 30 | Max tokens: 40000                                                                                                                                                                                    │
│ Scoring: PASS / DECOY / NOT_STATED / FAIL asserted country (expected Estonia)                                                                                                                                            │
│ Sampling: server/model defaults (unpinned) | Watchdog: stall 600s, wall-clock off                                                                                                                                        │
╰──────────────────────────────────────────────────────────────────────────────────────────────────────────────────────────────────────────────────────────────────────────────────────────────────────────────────────────╯

╭──────────────────────────────────────────────────────────────────────────────────────────────────── Completion Stats ────────────────────────────────────────────────────────────────────────────────────────────────────╮
│ Estonia Long-Context Chain Test                                                                                                                                                                                          │
│ The same 700k-character packet is resampled N times. The model must follow a six-hop cross-reference chain past planted decoys and name the vendor's country. Wrong answers split into DECOY (took the planted country), │
│ NOT_STATED (gave up) and FAIL; incomplete streams are reported separately. Built-in profile run at fixed concurrency C=30.                                                                                               │
╰──────────────────────────────────────────────────────────────────────────────────────────────────────────────────────────────────────────────────────────────────────────────────────────────────────────────────────────╯
Profile                                                       
╭────────────────┬───────────────────────────────────────────╮
│ field          │ value                                     │
├────────────────┼───────────────────────────────────────────┤
│ profile        │ estonia                                   │
│ prompt         │ profile:estonia                           │
│ prompt chars   │ 707,468                                   │
│ requested runs │ 30                                        │
│ concurrency    │ 30                                        │
│ max tokens     │ 40000                                     │
│ scoring        │ country_exact                             │
│ expected       │ Estonia                                   │
│ prompt sha256  │ 8c045ba5e8299b25                          │
│ prefill scout  │ 133,208 prompt tok / 70.92s = 1,878 tok/s │
╰────────────────┴───────────────────────────────────────────╯
╭────────────────────── Whole-run GPU Power ───────────────────────╮
│ avg 708 W | max 754 W | limit 900 W | over 13m 36s | 378 samples │
╰──────────────────────────────────────────────────────────────────╯
Concurrency Results                                                                                                                                 
╭──────────┬──────────────┬────────────────────────────┬────────────┬────────────────┬────────────────┬─────────────────┬───────────────┬──────────╮
│ parallel │ done/started │                      score │   stars    │ output tok p50 │ output tok p90 │ aggregate tok/s │ avg request s │ selected │
├──────────┼──────────────┼────────────────────────────┼────────────┼────────────────┼────────────────┼─────────────────┼───────────────┼──────────┤
│       30 │        26/30 │ PASS 24 / FAIL 0 / TRUNC 2 │ ★★★★★★★★★⊘ │          5,464 │         16,650 │            92.1 │         341.8 │   yes    │
╰──────────┴──────────────┴────────────────────────────┴────────────┴────────────────┴────────────────┴─────────────────┴───────────────┴──────────╯
Selected C=30                                                                                        
╭───────────────────────────────┬───────────────────────────────────────────────────────────────────╮
│ metric                        │                                                             value │
├───────────────────────────────┼───────────────────────────────────────────────────────────────────┤
│ completed                     │                                                             26/30 │
│ score                         │                                        PASS 24 / FAIL 0 / TRUNC 2 │
│ stars                         │                                                     ★★★★★★★★★⊘ 👍 │
│ pass rate                     │                                                     92.3% (24/26) │
│ pass rate, finished runs only │ 100.0% (24/24); 2 incomplete (truncated/stalled/timeout) excluded │
│ hit max_tokens                │              2  (2 produced no answer, 0 answered before the cap) │
│ completion tokens avg         │                                                             9,396 │
│ completion tokens p50         │                                                             5,464 │
│ completion tokens p90         │                                                            16,650 │
│ completion tokens p99         │                                                            40,000 │
│ elapsed avg                   │                                                            341.8s │
│ TTFT avg                      │                                                           239.83s │
│ aggregate gen tok/s           │                                                              92.1 │
│ mean per-request gen tok/s    │                                                              86.9 │
╰───────────────────────────────┴───────────────────────────────────────────────────────────────────╯
Failed Final Answers                                                                              
╭────┬────┬────────┬───────┬─────────────────────────────────────────────────────────────────────╮
│  # │  C │ tokens │ score │ final answer                                                        │
├────┼────┼────────┼───────┼─────────────────────────────────────────────────────────────────────┤
│ 19 │ 30 │ 40,000 │ TRUNC │ (no answer: hit max_tokens limit) |                                 │
│ 20 │ 30 │ 40,000 │ TRUNC │ (no answer: hit max_tokens limit) |                                 │
│ 21 │ 30 │      0 │  ERR  │ (no answer: stream stalled (no tokens within the stall timeout)) |  │
│ 22 │ 30 │      0 │  ERR  │ (no answer: stream stalled (no tokens within the stall timeout)) |  │
│ 27 │ 30 │      0 │  ERR  │ (no answer: stream stalled (no tokens within the stall timeout)) |  │
│ 28 │ 30 │      0 │  ERR  │ (no answer: stream stalled (no tokens within the stall timeout)) |  │
╰────┴────┴────────┴───────┴─────────────────────────────────────────────────────────────────────╯
Interpretation: PASS means the country the visible answer asserts is the expected one (an explicit 'Final answer:' line wins; otherwise the last line that names a country). Countries mentioned only as a negated contrast 
('not Latvia') or in a parenthetical aside do not count. DECOY = the model committed to the planted wrong country; NOT_STATED = the model said the packet does not contain the answer (gave up); AMBIG = one conclusion line
asserts two countries (scored wrong, review manually); FAIL = another country or no country at all. TRUNC/STALL/TIMEOUT (⊘) never produced a visible answer and are runtime artifacts, reported separately from wrong 
answers. Private reasoning is never scored. Quality bar: ★=PASS, ✕=wrong, ⊘=incomplete.

Results saved to benchmark_results.json
